// Jest Snapshot v1, https://goo.gl/fbAQLP

exports[`Should render expense list filters correctly 1`] = `undefined`;

exports[`Should render expense list filters correctly 2`] = `undefined`;

exports[`Should render expense list filters with alt data correctly 1`] = `undefined`;

exports[`should render ExpenseListFilters correctly 1`] = `undefined`;
